2026/02/08 13:21:40 🚀 Starting Dashboard API Server...
2026/02/08 13:21:40 Environment: development
2026/02/08 13:21:40 Server: 0.0.0.0:3000
2026/02/08 13:21:40 ✅ Database connected
2026/02/08 13:21:40 🌐 Server listening on 0.0.0.0:3000
2026/02/08 13:21:40 📋 Available endpoints:
2026/02/08 13:21:40   POST   /api/v1/auth/login
2026/02/08 13:21:40   GET    /api/v1/auth/validate
2026/02/08 13:21:40   GET    /api/v1/usage/current
2026/02/08 13:21:40   GET    /api/v1/usage/history
2026/02/08 13:21:40   GET    /api/v1/usage/metrics
2026/02/08 13:21:40   GET    /api/v1/apikeys
2026/02/08 13:21:40   POST   /api/v1/apikeys
2026/02/08 13:21:40   GET    /api/v1/apikeys/{id}
2026/02/08 13:21:40   DELETE /api/v1/apikeys/{id}
2026/02/08 13:21:40   GET    /api/v1/invoices
2026/02/08 13:21:40   GET    /api/v1/invoices/{id}
2026/02/08 13:21:40   GET    /api/v1/invoices/{id}/pdf
2026/02/08 13:21:40 
2026/02/08 13:21:40 ✅ Dashboard API is ready!
2026/02/08 13:21:47 [InfinityCore/kuuXLOg9kl-000001] "GET http://localhost:3000/api/v1/invoices HTTP/1.1" from [::1]:2052 - 200 543B in 16.7465ms
2026/02/08 13:21:48 [InfinityCore/kuuXLOg9kl-000002] "GET http://localhost:3000/api/v1/invoices HTTP/1.1" from [::1]:2053 - 200 543B in 3.9872ms
